// Jest Snapshot v1, https://goo.gl/fbAQLP

exports[`renders Home details unchanged 1`] = `
<div>
  <div
    data-testid="sea-word-home"
  >
    <nav
      class="flex flex-wrap items-center justify-between py-2.5 px-3 bg-light-blue-500"
      data-testid="nav-bar"
    >
      <div
        class="container max-w-7xl px-4 mx-auto flex flex-wrap items-center justify-between"
      >
        <div
          class="w-full flex justify-between lg:w-auto lg:static lg:block lg:justify-start"
        >
          <a
            data-testid="nav-bar-link"
            href="/"
          >
            <span
              class="text-sm font-bold leading-relaxed inline-block mr-4 py-2 whitespace-no-wrap uppercase text-white"
            >
              title
            </span>
          </a>
          <button
            class="px-4 py-2 text-sm font-medium text-white bg-light-blue-500 rounded-md hover:bg-opacity-80 focus:outline-none focus-visible:ring-2 focus-visible:ring-white focus-visible:ring-opacity-75"
            type="button"
          >
            instructions.modal
          </button>
          <button
            class="cursor-pointer text-xl leading-none py-1 px-1.5 rounded-full border border-solid border-transparent bg-transparent block lg:hidden outline-none focus:outline-none hover:bg-white hover:bg-opacity-20 transition-all duration-300"
            data-testid="test-nav-toggler"
          >
            <span
              class="block relative w-6 h-px rounded-sm bg-white"
            />
            <span
              class="block relative w-6 h-px rounded-sm bg-white mt-1"
            />
            <span
              class="block relative w-6 h-px rounded-sm bg-white mt-1"
            />
          </button>
        </div>
        <div
          class="lg:flex flex-grow items-center hidden"
          data-testid="test-menu"
        >
          <ul
            class="flex lg:items-center flex-col lg:flex-row list-none ml-auto"
          >
            <a
              class="px-5 py-4 flex gap-1 items-center text-xs uppercase font-medium leading text-white rounded-lg"
              data-testid="test-nav-menu-link"
              href="https://www.linkedin.com/in/albert-moreno/"
              rel="noreferrer"
              target="_blank"
            >
              <i
                class="fab fa-brands fa-linkedin-in text-xl leading-none"
                data-testid="icon"
              />
               
              menu.profile
            </a>
            <a
              class="px-5 py-4 flex gap-1 items-center text-xs uppercase font-medium leading text-white rounded-lg"
              data-testid="test-nav-menu-link"
              href="https://github.com/alberto-moreno-sa/sea-word-challenge"
              rel="noreferrer"
              target="_blank"
            >
              <i
                class="fab fa-github text-xl leading-none"
                data-testid="icon"
              />
               
              menu.github
            </a>
          </ul>
        </div>
      </div>
    </nav>
    <main
      data-testid="main-content"
    >
      <section
        class="bg-blue-100 py-16"
      >
        <div
          class="container max-w-7xl px-4 mx-auto"
        >
          <div
            class="w-96 mb-10 mx-auto"
          >
            <div
              class="w-full bg-white rounded-xl overflow-hdden shadow-md p-4"
              data-testid="test-card-control"
            >
              <div
                class="bg-gradient-to-tr from-light-blue-500 to-light-blue-700 -mt-10 mb-4 rounded-xl text-white grid items-center w-full py-4 px-8 justify-center shadow-lg-light-blue undefined"
              >
                <h1
                  class="text-white text-2xl font-serif font-bold leading-normal mt-0 mb-22"
                  data-testid="test-card-control-tile"
                >
                  controls.title
                </h1>
              </div>
              <div
                class="mr-4 p-3 text-center"
                data-testid="test-size-word-counter"
              >
                <span
                  class="text-xl font-bold block uppercase tracking-wide text-gray-900"
                  data-testid="test-size-word-island-count"
                >
                  0
                </span>
                <span
                  class="text-sm text-gray-700"
                >
                  No. Island
                </span>
              </div>
              <div
                class="flex flex-wrap border-solid border-2 rounded-md border-gray-200 w-full p-4"
                data-testid="test-size-word"
              >
                <h3
                  class="font-bold leading-normal mt-0 mb-22 my-3"
                  data-testid="test-card-control-subtile"
                >
                  controls.subTitle
                  :
                </h3>
                <div
                  class="flex items-baseline p-3 w-full"
                  data-testid="test-size-word-range-x"
                >
                  <label
                    class="cursor-pointer mr-3 "
                    for="rangeX"
                  >
                    Range X
                  </label>
                  <div
                    class="grow"
                  >
                    <input
                      class="cursor-pointer w-full"
                      data-testid="test-size-word-range-x-input"
                      id="rangeX"
                      max="50"
                      min="0"
                      name="rangeX"
                      type="range"
                      value="8"
                    />
                    <div
                      class="w-full flex justify-end text-xs px-2 max-w-xs"
                    >
                      <p
                        class="text-gray-900 text-sm font-bold leading-normal"
                        data-testid="test-size-word-range-x-input-value"
                      >
                        8
                      </p>
                    </div>
                  </div>
                </div>
                <div
                  class="flex items-baseline p-3 w-full"
                  data-testid="test-size-word-range-y"
                >
                  <label
                    class="cursor-pointer mr-3 "
                    for="rangeY"
                  >
                    Range Y
                  </label>
                  <div
                    class="grow"
                  >
                    <input
                      class="cursor-pointer w-full"
                      data-testid="test-size-word-range-y-input"
                      id="rangeY"
                      max="50"
                      min="0"
                      name="rangeY"
                      type="range"
                      value="8"
                    />
                    <div
                      class="w-full flex justify-end text-xs px-2 max-w-xs"
                    >
                      <p
                        class="text-gray-900 text-sm font-bold leading-normal"
                        data-testid="test-size-word-range-y-input-value"
                      >
                        8
                      </p>
                    </div>
                  </div>
                </div>
              </div>
            </div>
          </div>
        </div>
      </section>
      <div
        class="container max-w-9xl px-4 mx-auto"
      >
        <div
          class="relative flex flex-col min-w-0 break-words bg-white w-full mb-6 shadow-xl rounded-2xl p-7 -mt-20"
        >
          <table
            class="w-full h-full"
            data-testid="sea-word-grid"
          >
            <tbody>
              <tr
                data-testid="sea-word-grid-colum-0"
              >
                <td
                  class="p-px"
                  data-testid="sea-word-grid-row-0"
                  role="row"
                >
                  <div
                    class="bg-water-texture bg-repeat rounded-sm h-full w-full cursor-pointer bg-[length:200px_200px] transition ease-in-out duration-[0.2s] z-[1] shadow-[2px_2px_2px_1px_rgba(0,0,0,0.3)] min-w-[50px] min-h-[50px] asset"
                    data-testid="test-asset-bg-water-texture"
                  />
                </td>
                <td
                  class="p-px"
                  data-testid="sea-word-grid-row-1"
                  role="row"
                >
                  <div
                    class="bg-water-texture bg-repeat rounded-sm h-full w-full cursor-pointer bg-[length:200px_200px] transition ease-in-out duration-[0.2s] z-[1] shadow-[2px_2px_2px_1px_rgba(0,0,0,0.3)] min-w-[50px] min-h-[50px] asset"
                    data-testid="test-asset-bg-water-texture"
                  />
                </td>
                <td
                  class="p-px"
                  data-testid="sea-word-grid-row-2"
                  role="row"
                >
                  <div
                    class="bg-water-texture bg-repeat rounded-sm h-full w-full cursor-pointer bg-[length:200px_200px] transition ease-in-out duration-[0.2s] z-[1] shadow-[2px_2px_2px_1px_rgba(0,0,0,0.3)] min-w-[50px] min-h-[50px] asset"
                    data-testid="test-asset-bg-water-texture"
                  />
                </td>
                <td
                  class="p-px"
                  data-testid="sea-word-grid-row-3"
                  role="row"
                >
                  <div
                    class="bg-water-texture bg-repeat rounded-sm h-full w-full cursor-pointer bg-[length:200px_200px] transition ease-in-out duration-[0.2s] z-[1] shadow-[2px_2px_2px_1px_rgba(0,0,0,0.3)] min-w-[50px] min-h-[50px] asset"
                    data-testid="test-asset-bg-water-texture"
                  />
                </td>
                <td
                  class="p-px"
                  data-testid="sea-word-grid-row-4"
                  role="row"
                >
                  <div
                    class="bg-water-texture bg-repeat rounded-sm h-full w-full cursor-pointer bg-[length:200px_200px] transition ease-in-out duration-[0.2s] z-[1] shadow-[2px_2px_2px_1px_rgba(0,0,0,0.3)] min-w-[50px] min-h-[50px] asset"
                    data-testid="test-asset-bg-water-texture"
                  />
                </td>
                <td
                  class="p-px"
                  data-testid="sea-word-grid-row-5"
                  role="row"
                >
                  <div
                    class="bg-water-texture bg-repeat rounded-sm h-full w-full cursor-pointer bg-[length:200px_200px] transition ease-in-out duration-[0.2s] z-[1] shadow-[2px_2px_2px_1px_rgba(0,0,0,0.3)] min-w-[50px] min-h-[50px] asset"
                    data-testid="test-asset-bg-water-texture"
                  />
                </td>
                <td
                  class="p-px"
                  data-testid="sea-word-grid-row-6"
                  role="row"
                >
                  <div
                    class="bg-water-texture bg-repeat rounded-sm h-full w-full cursor-pointer bg-[length:200px_200px] transition ease-in-out duration-[0.2s] z-[1] shadow-[2px_2px_2px_1px_rgba(0,0,0,0.3)] min-w-[50px] min-h-[50px] asset"
                    data-testid="test-asset-bg-water-texture"
                  />
                </td>
                <td
                  class="p-px"
                  data-testid="sea-word-grid-row-7"
                  role="row"
                >
                  <div
                    class="bg-water-texture bg-repeat rounded-sm h-full w-full cursor-pointer bg-[length:200px_200px] transition ease-in-out duration-[0.2s] z-[1] shadow-[2px_2px_2px_1px_rgba(0,0,0,0.3)] min-w-[50px] min-h-[50px] asset"
                    data-testid="test-asset-bg-water-texture"
                  />
                </td>
              </tr>
              <tr
                data-testid="sea-word-grid-colum-1"
              >
                <td
                  class="p-px"
                  data-testid="sea-word-grid-row-0"
                  role="row"
                >
                  <div
                    class="bg-water-texture bg-repeat rounded-sm h-full w-full cursor-pointer bg-[length:200px_200px] transition ease-in-out duration-[0.2s] z-[1] shadow-[2px_2px_2px_1px_rgba(0,0,0,0.3)] min-w-[50px] min-h-[50px] asset"
                    data-testid="test-asset-bg-water-texture"
                  />
                </td>
                <td
                  class="p-px"
                  data-testid="sea-word-grid-row-1"
                  role="row"
                >
                  <div
                    class="bg-water-texture bg-repeat rounded-sm h-full w-full cursor-pointer bg-[length:200px_200px] transition ease-in-out duration-[0.2s] z-[1] shadow-[2px_2px_2px_1px_rgba(0,0,0,0.3)] min-w-[50px] min-h-[50px] asset"
                    data-testid="test-asset-bg-water-texture"
                  />
                </td>
                <td
                  class="p-px"
                  data-testid="sea-word-grid-row-2"
                  role="row"
                >
                  <div
                    class="bg-water-texture bg-repeat rounded-sm h-full w-full cursor-pointer bg-[length:200px_200px] transition ease-in-out duration-[0.2s] z-[1] shadow-[2px_2px_2px_1px_rgba(0,0,0,0.3)] min-w-[50px] min-h-[50px] asset"
                    data-testid="test-asset-bg-water-texture"
                  />
                </td>
                <td
                  class="p-px"
                  data-testid="sea-word-grid-row-3"
                  role="row"
                >
                  <div
                    class="bg-water-texture bg-repeat rounded-sm h-full w-full cursor-pointer bg-[length:200px_200px] transition ease-in-out duration-[0.2s] z-[1] shadow-[2px_2px_2px_1px_rgba(0,0,0,0.3)] min-w-[50px] min-h-[50px] asset"
                    data-testid="test-asset-bg-water-texture"
                  />
                </td>
                <td
                  class="p-px"
                  data-testid="sea-word-grid-row-4"
                  role="row"
                >
                  <div
                    class="bg-water-texture bg-repeat rounded-sm h-full w-full cursor-pointer bg-[length:200px_200px] transition ease-in-out duration-[0.2s] z-[1] shadow-[2px_2px_2px_1px_rgba(0,0,0,0.3)] min-w-[50px] min-h-[50px] asset"
                    data-testid="test-asset-bg-water-texture"
                  />
                </td>
                <td
                  class="p-px"
                  data-testid="sea-word-grid-row-5"
                  role="row"
                >
                  <div
                    class="bg-water-texture bg-repeat rounded-sm h-full w-full cursor-pointer bg-[length:200px_200px] transition ease-in-out duration-[0.2s] z-[1] shadow-[2px_2px_2px_1px_rgba(0,0,0,0.3)] min-w-[50px] min-h-[50px] asset"
                    data-testid="test-asset-bg-water-texture"
                  />
                </td>
                <td
                  class="p-px"
                  data-testid="sea-word-grid-row-6"
                  role="row"
                >
                  <div
                    class="bg-water-texture bg-repeat rounded-sm h-full w-full cursor-pointer bg-[length:200px_200px] transition ease-in-out duration-[0.2s] z-[1] shadow-[2px_2px_2px_1px_rgba(0,0,0,0.3)] min-w-[50px] min-h-[50px] asset"
                    data-testid="test-asset-bg-water-texture"
                  />
                </td>
                <td
                  class="p-px"
                  data-testid="sea-word-grid-row-7"
                  role="row"
                >
                  <div
                    class="bg-water-texture bg-repeat rounded-sm h-full w-full cursor-pointer bg-[length:200px_200px] transition ease-in-out duration-[0.2s] z-[1] shadow-[2px_2px_2px_1px_rgba(0,0,0,0.3)] min-w-[50px] min-h-[50px] asset"
                    data-testid="test-asset-bg-water-texture"
                  />
                </td>
              </tr>
              <tr
                data-testid="sea-word-grid-colum-2"
              >
                <td
                  class="p-px"
                  data-testid="sea-word-grid-row-0"
                  role="row"
                >
                  <div
                    class="bg-water-texture bg-repeat rounded-sm h-full w-full cursor-pointer bg-[length:200px_200px] transition ease-in-out duration-[0.2s] z-[1] shadow-[2px_2px_2px_1px_rgba(0,0,0,0.3)] min-w-[50px] min-h-[50px] asset"
                    data-testid="test-asset-bg-water-texture"
                  />
                </td>
                <td
                  class="p-px"
                  data-testid="sea-word-grid-row-1"
                  role="row"
                >
                  <div
                    class="bg-water-texture bg-repeat rounded-sm h-full w-full cursor-pointer bg-[length:200px_200px] transition ease-in-out duration-[0.2s] z-[1] shadow-[2px_2px_2px_1px_rgba(0,0,0,0.3)] min-w-[50px] min-h-[50px] asset"
                    data-testid="test-asset-bg-water-texture"
                  />
                </td>
                <td
                  class="p-px"
                  data-testid="sea-word-grid-row-2"
                  role="row"
                >
                  <div
                    class="bg-water-texture bg-repeat rounded-sm h-full w-full cursor-pointer bg-[length:200px_200px] transition ease-in-out duration-[0.2s] z-[1] shadow-[2px_2px_2px_1px_rgba(0,0,0,0.3)] min-w-[50px] min-h-[50px] asset"
                    data-testid="test-asset-bg-water-texture"
                  />
                </td>
                <td
                  class="p-px"
                  data-testid="sea-word-grid-row-3"
                  role="row"
                >
                  <div
                    class="bg-water-texture bg-repeat rounded-sm h-full w-full cursor-pointer bg-[length:200px_200px] transition ease-in-out duration-[0.2s] z-[1] shadow-[2px_2px_2px_1px_rgba(0,0,0,0.3)] min-w-[50px] min-h-[50px] asset"
                    data-testid="test-asset-bg-water-texture"
                  />
                </td>
                <td
                  class="p-px"
                  data-testid="sea-word-grid-row-4"
                  role="row"
                >
                  <div
                    class="bg-water-texture bg-repeat rounded-sm h-full w-full cursor-pointer bg-[length:200px_200px] transition ease-in-out duration-[0.2s] z-[1] shadow-[2px_2px_2px_1px_rgba(0,0,0,0.3)] min-w-[50px] min-h-[50px] asset"
                    data-testid="test-asset-bg-water-texture"
                  />
                </td>
                <td
                  class="p-px"
                  data-testid="sea-word-grid-row-5"
                  role="row"
                >
                  <div
                    class="bg-water-texture bg-repeat rounded-sm h-full w-full cursor-pointer bg-[length:200px_200px] transition ease-in-out duration-[0.2s] z-[1] shadow-[2px_2px_2px_1px_rgba(0,0,0,0.3)] min-w-[50px] min-h-[50px] asset"
                    data-testid="test-asset-bg-water-texture"
                  />
                </td>
                <td
                  class="p-px"
                  data-testid="sea-word-grid-row-6"
                  role="row"
                >
                  <div
                    class="bg-water-texture bg-repeat rounded-sm h-full w-full cursor-pointer bg-[length:200px_200px] transition ease-in-out duration-[0.2s] z-[1] shadow-[2px_2px_2px_1px_rgba(0,0,0,0.3)] min-w-[50px] min-h-[50px] asset"
                    data-testid="test-asset-bg-water-texture"
                  />
                </td>
                <td
                  class="p-px"
                  data-testid="sea-word-grid-row-7"
                  role="row"
                >
                  <div
                    class="bg-water-texture bg-repeat rounded-sm h-full w-full cursor-pointer bg-[length:200px_200px] transition ease-in-out duration-[0.2s] z-[1] shadow-[2px_2px_2px_1px_rgba(0,0,0,0.3)] min-w-[50px] min-h-[50px] asset"
                    data-testid="test-asset-bg-water-texture"
                  />
                </td>
              </tr>
              <tr
                data-testid="sea-word-grid-colum-3"
              >
                <td
                  class="p-px"
                  data-testid="sea-word-grid-row-0"
                  role="row"
                >
                  <div
                    class="bg-water-texture bg-repeat rounded-sm h-full w-full cursor-pointer bg-[length:200px_200px] transition ease-in-out duration-[0.2s] z-[1] shadow-[2px_2px_2px_1px_rgba(0,0,0,0.3)] min-w-[50px] min-h-[50px] asset"
                    data-testid="test-asset-bg-water-texture"
                  />
                </td>
                <td
                  class="p-px"
                  data-testid="sea-word-grid-row-1"
                  role="row"
                >
                  <div
                    class="bg-water-texture bg-repeat rounded-sm h-full w-full cursor-pointer bg-[length:200px_200px] transition ease-in-out duration-[0.2s] z-[1] shadow-[2px_2px_2px_1px_rgba(0,0,0,0.3)] min-w-[50px] min-h-[50px] asset"
                    data-testid="test-asset-bg-water-texture"
                  />
                </td>
                <td
                  class="p-px"
                  data-testid="sea-word-grid-row-2"
                  role="row"
                >
                  <div
                    class="bg-water-texture bg-repeat rounded-sm h-full w-full cursor-pointer bg-[length:200px_200px] transition ease-in-out duration-[0.2s] z-[1] shadow-[2px_2px_2px_1px_rgba(0,0,0,0.3)] min-w-[50px] min-h-[50px] asset"
                    data-testid="test-asset-bg-water-texture"
                  />
                </td>
                <td
                  class="p-px"
                  data-testid="sea-word-grid-row-3"
                  role="row"
                >
                  <div
                    class="bg-water-texture bg-repeat rounded-sm h-full w-full cursor-pointer bg-[length:200px_200px] transition ease-in-out duration-[0.2s] z-[1] shadow-[2px_2px_2px_1px_rgba(0,0,0,0.3)] min-w-[50px] min-h-[50px] asset"
                    data-testid="test-asset-bg-water-texture"
                  />
                </td>
                <td
                  class="p-px"
                  data-testid="sea-word-grid-row-4"
                  role="row"
                >
                  <div
                    class="bg-water-texture bg-repeat rounded-sm h-full w-full cursor-pointer bg-[length:200px_200px] transition ease-in-out duration-[0.2s] z-[1] shadow-[2px_2px_2px_1px_rgba(0,0,0,0.3)] min-w-[50px] min-h-[50px] asset"
                    data-testid="test-asset-bg-water-texture"
                  />
                </td>
                <td
                  class="p-px"
                  data-testid="sea-word-grid-row-5"
                  role="row"
                >
                  <div
                    class="bg-water-texture bg-repeat rounded-sm h-full w-full cursor-pointer bg-[length:200px_200px] transition ease-in-out duration-[0.2s] z-[1] shadow-[2px_2px_2px_1px_rgba(0,0,0,0.3)] min-w-[50px] min-h-[50px] asset"
                    data-testid="test-asset-bg-water-texture"
                  />
                </td>
                <td
                  class="p-px"
                  data-testid="sea-word-grid-row-6"
                  role="row"
                >
                  <div
                    class="bg-water-texture bg-repeat rounded-sm h-full w-full cursor-pointer bg-[length:200px_200px] transition ease-in-out duration-[0.2s] z-[1] shadow-[2px_2px_2px_1px_rgba(0,0,0,0.3)] min-w-[50px] min-h-[50px] asset"
                    data-testid="test-asset-bg-water-texture"
                  />
                </td>
                <td
                  class="p-px"
                  data-testid="sea-word-grid-row-7"
                  role="row"
                >
                  <div
                    class="bg-water-texture bg-repeat rounded-sm h-full w-full cursor-pointer bg-[length:200px_200px] transition ease-in-out duration-[0.2s] z-[1] shadow-[2px_2px_2px_1px_rgba(0,0,0,0.3)] min-w-[50px] min-h-[50px] asset"
                    data-testid="test-asset-bg-water-texture"
                  />
                </td>
              </tr>
              <tr
                data-testid="sea-word-grid-colum-4"
              >
                <td
                  class="p-px"
                  data-testid="sea-word-grid-row-0"
                  role="row"
                >
                  <div
                    class="bg-water-texture bg-repeat rounded-sm h-full w-full cursor-pointer bg-[length:200px_200px] transition ease-in-out duration-[0.2s] z-[1] shadow-[2px_2px_2px_1px_rgba(0,0,0,0.3)] min-w-[50px] min-h-[50px] asset"
                    data-testid="test-asset-bg-water-texture"
                  />
                </td>
                <td
                  class="p-px"
                  data-testid="sea-word-grid-row-1"
                  role="row"
                >
                  <div
                    class="bg-water-texture bg-repeat rounded-sm h-full w-full cursor-pointer bg-[length:200px_200px] transition ease-in-out duration-[0.2s] z-[1] shadow-[2px_2px_2px_1px_rgba(0,0,0,0.3)] min-w-[50px] min-h-[50px] asset"
                    data-testid="test-asset-bg-water-texture"
                  />
                </td>
                <td
                  class="p-px"
                  data-testid="sea-word-grid-row-2"
                  role="row"
                >
                  <div
                    class="bg-water-texture bg-repeat rounded-sm h-full w-full cursor-pointer bg-[length:200px_200px] transition ease-in-out duration-[0.2s] z-[1] shadow-[2px_2px_2px_1px_rgba(0,0,0,0.3)] min-w-[50px] min-h-[50px] asset"
                    data-testid="test-asset-bg-water-texture"
                  />
                </td>
                <td
                  class="p-px"
                  data-testid="sea-word-grid-row-3"
                  role="row"
                >
                  <div
                    class="bg-water-texture bg-repeat rounded-sm h-full w-full cursor-pointer bg-[length:200px_200px] transition ease-in-out duration-[0.2s] z-[1] shadow-[2px_2px_2px_1px_rgba(0,0,0,0.3)] min-w-[50px] min-h-[50px] asset"
                    data-testid="test-asset-bg-water-texture"
                  />
                </td>
                <td
                  class="p-px"
                  data-testid="sea-word-grid-row-4"
                  role="row"
                >
                  <div
                    class="bg-water-texture bg-repeat rounded-sm h-full w-full cursor-pointer bg-[length:200px_200px] transition ease-in-out duration-[0.2s] z-[1] shadow-[2px_2px_2px_1px_rgba(0,0,0,0.3)] min-w-[50px] min-h-[50px] asset"
                    data-testid="test-asset-bg-water-texture"
                  />
                </td>
                <td
                  class="p-px"
                  data-testid="sea-word-grid-row-5"
                  role="row"
                >
                  <div
                    class="bg-water-texture bg-repeat rounded-sm h-full w-full cursor-pointer bg-[length:200px_200px] transition ease-in-out duration-[0.2s] z-[1] shadow-[2px_2px_2px_1px_rgba(0,0,0,0.3)] min-w-[50px] min-h-[50px] asset"
                    data-testid="test-asset-bg-water-texture"
                  />
                </td>
                <td
                  class="p-px"
                  data-testid="sea-word-grid-row-6"
                  role="row"
                >
                  <div
                    class="bg-water-texture bg-repeat rounded-sm h-full w-full cursor-pointer bg-[length:200px_200px] transition ease-in-out duration-[0.2s] z-[1] shadow-[2px_2px_2px_1px_rgba(0,0,0,0.3)] min-w-[50px] min-h-[50px] asset"
                    data-testid="test-asset-bg-water-texture"
                  />
                </td>
                <td
                  class="p-px"
                  data-testid="sea-word-grid-row-7"
                  role="row"
                >
                  <div
                    class="bg-water-texture bg-repeat rounded-sm h-full w-full cursor-pointer bg-[length:200px_200px] transition ease-in-out duration-[0.2s] z-[1] shadow-[2px_2px_2px_1px_rgba(0,0,0,0.3)] min-w-[50px] min-h-[50px] asset"
                    data-testid="test-asset-bg-water-texture"
                  />
                </td>
              </tr>
              <tr
                data-testid="sea-word-grid-colum-5"
              >
                <td
                  class="p-px"
                  data-testid="sea-word-grid-row-0"
                  role="row"
                >
                  <div
                    class="bg-water-texture bg-repeat rounded-sm h-full w-full cursor-pointer bg-[length:200px_200px] transition ease-in-out duration-[0.2s] z-[1] shadow-[2px_2px_2px_1px_rgba(0,0,0,0.3)] min-w-[50px] min-h-[50px] asset"
                    data-testid="test-asset-bg-water-texture"
                  />
                </td>
                <td
                  class="p-px"
                  data-testid="sea-word-grid-row-1"
                  role="row"
                >
                  <div
                    class="bg-water-texture bg-repeat rounded-sm h-full w-full cursor-pointer bg-[length:200px_200px] transition ease-in-out duration-[0.2s] z-[1] shadow-[2px_2px_2px_1px_rgba(0,0,0,0.3)] min-w-[50px] min-h-[50px] asset"
                    data-testid="test-asset-bg-water-texture"
                  />
                </td>
                <td
                  class="p-px"
                  data-testid="sea-word-grid-row-2"
                  role="row"
                >
                  <div
                    class="bg-water-texture bg-repeat rounded-sm h-full w-full cursor-pointer bg-[length:200px_200px] transition ease-in-out duration-[0.2s] z-[1] shadow-[2px_2px_2px_1px_rgba(0,0,0,0.3)] min-w-[50px] min-h-[50px] asset"
                    data-testid="test-asset-bg-water-texture"
                  />
                </td>
                <td
                  class="p-px"
                  data-testid="sea-word-grid-row-3"
                  role="row"
                >
                  <div
                    class="bg-water-texture bg-repeat rounded-sm h-full w-full cursor-pointer bg-[length:200px_200px] transition ease-in-out duration-[0.2s] z-[1] shadow-[2px_2px_2px_1px_rgba(0,0,0,0.3)] min-w-[50px] min-h-[50px] asset"
                    data-testid="test-asset-bg-water-texture"
                  />
                </td>
                <td
                  class="p-px"
                  data-testid="sea-word-grid-row-4"
                  role="row"
                >
                  <div
                    class="bg-water-texture bg-repeat rounded-sm h-full w-full cursor-pointer bg-[length:200px_200px] transition ease-in-out duration-[0.2s] z-[1] shadow-[2px_2px_2px_1px_rgba(0,0,0,0.3)] min-w-[50px] min-h-[50px] asset"
                    data-testid="test-asset-bg-water-texture"
                  />
                </td>
                <td
                  class="p-px"
                  data-testid="sea-word-grid-row-5"
                  role="row"
                >
                  <div
                    class="bg-water-texture bg-repeat rounded-sm h-full w-full cursor-pointer bg-[length:200px_200px] transition ease-in-out duration-[0.2s] z-[1] shadow-[2px_2px_2px_1px_rgba(0,0,0,0.3)] min-w-[50px] min-h-[50px] asset"
                    data-testid="test-asset-bg-water-texture"
                  />
                </td>
                <td
                  class="p-px"
                  data-testid="sea-word-grid-row-6"
                  role="row"
                >
                  <div
                    class="bg-water-texture bg-repeat rounded-sm h-full w-full cursor-pointer bg-[length:200px_200px] transition ease-in-out duration-[0.2s] z-[1] shadow-[2px_2px_2px_1px_rgba(0,0,0,0.3)] min-w-[50px] min-h-[50px] asset"
                    data-testid="test-asset-bg-water-texture"
                  />
                </td>
                <td
                  class="p-px"
                  data-testid="sea-word-grid-row-7"
                  role="row"
                >
                  <div
                    class="bg-water-texture bg-repeat rounded-sm h-full w-full cursor-pointer bg-[length:200px_200px] transition ease-in-out duration-[0.2s] z-[1] shadow-[2px_2px_2px_1px_rgba(0,0,0,0.3)] min-w-[50px] min-h-[50px] asset"
                    data-testid="test-asset-bg-water-texture"
                  />
                </td>
              </tr>
              <tr
                data-testid="sea-word-grid-colum-6"
              >
                <td
                  class="p-px"
                  data-testid="sea-word-grid-row-0"
                  role="row"
                >
                  <div
                    class="bg-water-texture bg-repeat rounded-sm h-full w-full cursor-pointer bg-[length:200px_200px] transition ease-in-out duration-[0.2s] z-[1] shadow-[2px_2px_2px_1px_rgba(0,0,0,0.3)] min-w-[50px] min-h-[50px] asset"
                    data-testid="test-asset-bg-water-texture"
                  />
                </td>
                <td
                  class="p-px"
                  data-testid="sea-word-grid-row-1"
                  role="row"
                >
                  <div
                    class="bg-water-texture bg-repeat rounded-sm h-full w-full cursor-pointer bg-[length:200px_200px] transition ease-in-out duration-[0.2s] z-[1] shadow-[2px_2px_2px_1px_rgba(0,0,0,0.3)] min-w-[50px] min-h-[50px] asset"
                    data-testid="test-asset-bg-water-texture"
                  />
                </td>
                <td
                  class="p-px"
                  data-testid="sea-word-grid-row-2"
                  role="row"
                >
                  <div
                    class="bg-water-texture bg-repeat rounded-sm h-full w-full cursor-pointer bg-[length:200px_200px] transition ease-in-out duration-[0.2s] z-[1] shadow-[2px_2px_2px_1px_rgba(0,0,0,0.3)] min-w-[50px] min-h-[50px] asset"
                    data-testid="test-asset-bg-water-texture"
                  />
                </td>
                <td
                  class="p-px"
                  data-testid="sea-word-grid-row-3"
                  role="row"
                >
                  <div
                    class="bg-water-texture bg-repeat rounded-sm h-full w-full cursor-pointer bg-[length:200px_200px] transition ease-in-out duration-[0.2s] z-[1] shadow-[2px_2px_2px_1px_rgba(0,0,0,0.3)] min-w-[50px] min-h-[50px] asset"
                    data-testid="test-asset-bg-water-texture"
                  />
                </td>
                <td
                  class="p-px"
                  data-testid="sea-word-grid-row-4"
                  role="row"
                >
                  <div
                    class="bg-water-texture bg-repeat rounded-sm h-full w-full cursor-pointer bg-[length:200px_200px] transition ease-in-out duration-[0.2s] z-[1] shadow-[2px_2px_2px_1px_rgba(0,0,0,0.3)] min-w-[50px] min-h-[50px] asset"
                    data-testid="test-asset-bg-water-texture"
                  />
                </td>
                <td
                  class="p-px"
                  data-testid="sea-word-grid-row-5"
                  role="row"
                >
                  <div
                    class="bg-water-texture bg-repeat rounded-sm h-full w-full cursor-pointer bg-[length:200px_200px] transition ease-in-out duration-[0.2s] z-[1] shadow-[2px_2px_2px_1px_rgba(0,0,0,0.3)] min-w-[50px] min-h-[50px] asset"
                    data-testid="test-asset-bg-water-texture"
                  />
                </td>
                <td
                  class="p-px"
                  data-testid="sea-word-grid-row-6"
                  role="row"
                >
                  <div
                    class="bg-water-texture bg-repeat rounded-sm h-full w-full cursor-pointer bg-[length:200px_200px] transition ease-in-out duration-[0.2s] z-[1] shadow-[2px_2px_2px_1px_rgba(0,0,0,0.3)] min-w-[50px] min-h-[50px] asset"
                    data-testid="test-asset-bg-water-texture"
                  />
                </td>
                <td
                  class="p-px"
                  data-testid="sea-word-grid-row-7"
                  role="row"
                >
                  <div
                    class="bg-water-texture bg-repeat rounded-sm h-full w-full cursor-pointer bg-[length:200px_200px] transition ease-in-out duration-[0.2s] z-[1] shadow-[2px_2px_2px_1px_rgba(0,0,0,0.3)] min-w-[50px] min-h-[50px] asset"
                    data-testid="test-asset-bg-water-texture"
                  />
                </td>
              </tr>
              <tr
                data-testid="sea-word-grid-colum-7"
              >
                <td
                  class="p-px"
                  data-testid="sea-word-grid-row-0"
                  role="row"
                >
                  <div
                    class="bg-water-texture bg-repeat rounded-sm h-full w-full cursor-pointer bg-[length:200px_200px] transition ease-in-out duration-[0.2s] z-[1] shadow-[2px_2px_2px_1px_rgba(0,0,0,0.3)] min-w-[50px] min-h-[50px] asset"
                    data-testid="test-asset-bg-water-texture"
                  />
                </td>
                <td
                  class="p-px"
                  data-testid="sea-word-grid-row-1"
                  role="row"
                >
                  <div
                    class="bg-water-texture bg-repeat rounded-sm h-full w-full cursor-pointer bg-[length:200px_200px] transition ease-in-out duration-[0.2s] z-[1] shadow-[2px_2px_2px_1px_rgba(0,0,0,0.3)] min-w-[50px] min-h-[50px] asset"
                    data-testid="test-asset-bg-water-texture"
                  />
                </td>
                <td
                  class="p-px"
                  data-testid="sea-word-grid-row-2"
                  role="row"
                >
                  <div
                    class="bg-water-texture bg-repeat rounded-sm h-full w-full cursor-pointer bg-[length:200px_200px] transition ease-in-out duration-[0.2s] z-[1] shadow-[2px_2px_2px_1px_rgba(0,0,0,0.3)] min-w-[50px] min-h-[50px] asset"
                    data-testid="test-asset-bg-water-texture"
                  />
                </td>
                <td
                  class="p-px"
                  data-testid="sea-word-grid-row-3"
                  role="row"
                >
                  <div
                    class="bg-water-texture bg-repeat rounded-sm h-full w-full cursor-pointer bg-[length:200px_200px] transition ease-in-out duration-[0.2s] z-[1] shadow-[2px_2px_2px_1px_rgba(0,0,0,0.3)] min-w-[50px] min-h-[50px] asset"
                    data-testid="test-asset-bg-water-texture"
                  />
                </td>
                <td
                  class="p-px"
                  data-testid="sea-word-grid-row-4"
                  role="row"
                >
                  <div
                    class="bg-water-texture bg-repeat rounded-sm h-full w-full cursor-pointer bg-[length:200px_200px] transition ease-in-out duration-[0.2s] z-[1] shadow-[2px_2px_2px_1px_rgba(0,0,0,0.3)] min-w-[50px] min-h-[50px] asset"
                    data-testid="test-asset-bg-water-texture"
                  />
                </td>
                <td
                  class="p-px"
                  data-testid="sea-word-grid-row-5"
                  role="row"
                >
                  <div
                    class="bg-water-texture bg-repeat rounded-sm h-full w-full cursor-pointer bg-[length:200px_200px] transition ease-in-out duration-[0.2s] z-[1] shadow-[2px_2px_2px_1px_rgba(0,0,0,0.3)] min-w-[50px] min-h-[50px] asset"
                    data-testid="test-asset-bg-water-texture"
                  />
                </td>
                <td
                  class="p-px"
                  data-testid="sea-word-grid-row-6"
                  role="row"
                >
                  <div
                    class="bg-water-texture bg-repeat rounded-sm h-full w-full cursor-pointer bg-[length:200px_200px] transition ease-in-out duration-[0.2s] z-[1] shadow-[2px_2px_2px_1px_rgba(0,0,0,0.3)] min-w-[50px] min-h-[50px] asset"
                    data-testid="test-asset-bg-water-texture"
                  />
                </td>
                <td
                  class="p-px"
                  data-testid="sea-word-grid-row-7"
                  role="row"
                >
                  <div
                    class="bg-water-texture bg-repeat rounded-sm h-full w-full cursor-pointer bg-[length:200px_200px] transition ease-in-out duration-[0.2s] z-[1] shadow-[2px_2px_2px_1px_rgba(0,0,0,0.3)] min-w-[50px] min-h-[50px] asset"
                    data-testid="test-asset-bg-water-texture"
                  />
                </td>
              </tr>
            </tbody>
          </table>
        </div>
      </div>
    </main>
    <footer
      class="relative pt-8 pb-6"
      data-tesid="footer"
    >
      <div
        class="container max-w-7xl mx-auto px-4"
      >
        <div
          class="flex flex-wrap text-center lg:text-left pt-6"
        >
          <div
            class="w-full lg:w-6/12 px-4"
          >
            <h1
              class="text-2xl font-serif font-bold leading-normal mt-0 mb-2"
            >
               
              title
            </h1>
            <p
              class="text-lg font-light leading-relaxed mt-6 mb-4"
              style="margin-top: 0px;"
            >
              footer.title
            </p>
            <div
              class="flex gap-2 mt-6 md:justify-start md:mb-0 mb-8 justify-center"
            >
              <a
                class="grid place-items-center bg-white text-gray-900 shadow-md font-normal h-10 w-10 items-center justify-center align-center rounded-full outline-none focus:outline-none"
                href="https://github.com/alberto-moreno-sa/sea-word-challenge"
                rel="noopener noreferrer"
                target="_blank"
              >
                <i
                  class="fab fa-github text-xl"
                  data-testid="icon"
                />
              </a>
              <a
                class="grid place-items-center bg-white text-gray-900 shadow-md font-normal h-10 w-10 items-center justify-center align-center rounded-full outline-none focus:outline-none"
                href="https://www.linkedin.com/in/albert-moreno/"
                rel="noopener noreferrer"
                target="_blank"
              >
                <i
                  class="fab fa-brands fa-linkedin-in text-xl "
                  data-testid="icon"
                />
              </a>
            </div>
          </div>
        </div>
        <hr
          class="my-6 border-gray-300"
        />
        <div
          class="flex flex-wrap items-center md:justify-between justify-center"
        >
          <div
            class="w-full md:w-4/12 px-4 mx-auto text-center"
          >
            <div
              class="text-sm text-gray-700 font-medium py-1"
            >
              common:footer.copyright
            </div>
          </div>
        </div>
      </div>
    </footer>
  </div>
</div>
`;
